Found Java version 25.0.4-ea
Available memory: 7907 MB
Using JVM args: -Xmx1976m
1471 [main] INFO  org.zaproxy.zap.DaemonBootstrap - ZAP 2.17.0 started 07/08/2026, 03:08:45 with home: /home/kali/.ZAP/ cores: 4 maxMemory: 1 GB
1552 [main] INFO  org.parosproxy.paros.common.AbstractParam - Setting config api.disablekey = true was null
3342 [ZAP-daemon] INFO  org.zaproxy.zap.control.ExtensionFactory - Installed add-ons: [[id=alertFilters, version=26.0.0], [id=ascanrules, version=83.0.0], [id=authhelper, version=0.40.0], [id=automation, version=0.60.0], [id=bruteforce, version=21.0.0], [id=callhome, version=0.23.0], [id=client, version=0.30.0], [id=commonlib, version=1.43.0], [id=database, version=0.9.0], [id=diff, version=18.0.0], [id=directorylistv1, version=9.0.0], [id=domxss, version=24.0.0], [id=encoder, version=1.9.0], [id=exim, version=0.21.0], [id=formhandler, version=6.8.0], [id=fuzz, version=13.16.0], [id=gettingStarted, version=20.0.0], [id=graaljs, version=0.14.0], [id=graphql, version=0.33.0], [id=help, version=22.0.0], [id=hud, version=0.19.0], [id=insights, version=0.5.0], [id=invoke, version=17.0.0], [id=network, version=0.28.0], [id=oast, version=0.24.0], [id=onlineMenu, version=15.0.0], [id=openapi, version=57.0.0], [id=postman, version=0.9.0], [id=pscan, version=0.6.0], [id=pscanrules, version=75.0.0], [id=quickstart, version=59.0.0], [id=replacer, version=22.0.0], [id=reports, version=0.46.0], [id=requester, version=7.10.0], [id=retest, version=0.11.0], [id=retire, version=0.62.0], [id=reveal, version=10.0.0], [id=scanpolicies, version=0.8.0], [id=scripts, version=45.20.0], [id=selenium, version=15.53.0], [id=sequence, version=10.0.0], [id=soap, version=31.0.0], [id=spider, version=0.20.0], [id=spiderAjax, version=23.32.0], [id=tips, version=16.0.0], [id=webdriverlinux, version=210.0.0], [id=websocket, version=37.0.0], [id=zest, version=48.14.0]]
3342 [ZAP-daemon] INFO  org.zaproxy.zap.control.ExtensionFactory - Loading extensions
4441 [ZAP-daemon] INFO  org.zaproxy.addon.network.internal.TlsUtils - Using supported SSL/TLS protocols: [TLSv1.2, TLSv1.3]
5317 [ZAP-daemon] INFO  org.zaproxy.zap.control.ExtensionFactory - Extensions loaded
5823 [ZAP-daemon] INFO  org.flywaydb.core.FlywayExecutor - Database: jdbc:hsqldb:file:/home/kali/.ZAP/session/untitled1 (HSQL Database Engine 2.7)
5927 [ZAP-daemon] INFO  org.flywaydb.core.internal.schemahistory.JdbcTableSchemaHistory - Schema history table "PUBLIC"."SCRIPTS_FLYWAY_SCHEMA_HISTORY" does not exist yet
5933 [ZAP-daemon] INFO  org.flywaydb.core.internal.command.DbValidate - Successfully validated 1 migration (execution time 00:00.054s)
5943 [ZAP-daemon] INFO  org.flywaydb.core.internal.schemahistory.JdbcTableSchemaHistory - Creating Schema History table "PUBLIC"."SCRIPTS_FLYWAY_SCHEMA_HISTORY" with baseline ...
5993 [ZAP-daemon] INFO  org.flywaydb.core.internal.command.DbBaseline - Successfully baselined schema with version: 0
6024 [ZAP-daemon] INFO  org.flywaydb.core.internal.command.DbMigrate - Current version of schema "PUBLIC": 0
6049 [ZAP-daemon] INFO  org.flywaydb.core.internal.command.DbMigrate - Migrating schema "PUBLIC" to version "1 - Create scripts run tables"
6116 [ZAP-daemon] INFO  org.flywaydb.core.internal.command.DbMigrate - Successfully applied 1 migration to schema "PUBLIC", now at version v1 (execution time 00:00.006s)
6959 [ZAP-daemon] INFO  org.flywaydb.core.FlywayExecutor - Database: jdbc:hsqldb:file:/home/kali/.ZAP/session/untitled1 (HSQL Database Engine 2.7)
6969 [ZAP-daemon] INFO  org.flywaydb.core.internal.schemahistory.JdbcTableSchemaHistory - Schema history table "PUBLIC"."CLIENT_FLYWAY_SCHEMA_HISTORY" does not exist yet
6969 [ZAP-daemon] INFO  org.flywaydb.core.internal.command.DbValidate - Successfully validated 1 migration (execution time 00:00.002s)
6972 [ZAP-daemon] INFO  org.flywaydb.core.internal.schemahistory.JdbcTableSchemaHistory - Creating Schema History table "PUBLIC"."CLIENT_FLYWAY_SCHEMA_HISTORY" with baseline ...
6986 [ZAP-daemon] INFO  org.flywaydb.core.internal.command.DbBaseline - Successfully baselined schema with version: 0
6990 [ZAP-daemon] INFO  org.flywaydb.core.internal.command.DbMigrate - Current version of schema "PUBLIC": 0
6995 [ZAP-daemon] INFO  org.flywaydb.core.internal.command.DbMigrate - Migrating schema "PUBLIC" to version "1 - Create history table"
7003 [ZAP-daemon] INFO  org.flywaydb.core.internal.command.DbMigrate - Successfully applied 1 migration to schema "PUBLIC", now at version v1 (execution time 00:00.002s)
8040 [ZAP-daemon] INFO  org.parosproxy.paros.extension.ExtensionLoader - Initializing Auto-update Extension - Allows ZAP to check for updates
8042 [ZAP-daemon] INFO  org.parosproxy.paros.extension.ExtensionLoader - Initializing Options Extension - Options Extension
8042 [ZAP-daemon] INFO  org.parosproxy.paros.extension.ExtensionLoader - Initializing Edit Menu Extension - Edit Menu Extension
8042 [ZAP-daemon] INFO  org.parosproxy.paros.extension.ExtensionLoader - Initializing API Extension - Provides a rest based API for controlling and accessing ZAP
8047 [ZAP-daemon] INFO  org.parosproxy.paros.extension.ExtensionLoader - Initializing History Extension - History Extension
8048 [ZAP-daemon] INFO  org.parosproxy.paros.extension.ExtensionLoader - Initializing ExtensionReveal - Show hidden fields and enable disabled fields
8049 [ZAP-daemon] INFO  org.parosproxy.paros.extension.ExtensionLoader - Initializing Search Extension - Search messages for strings and regular expressions
8050 [ZAP-daemon] INFO  org.parosproxy.paros.extension.ExtensionLoader - Initializing Breakpoint Extension - Allows you to intercept and modify requests and responses
8051 [ZAP-daemon] INFO  org.parosproxy.paros.extension.ExtensionLoader - Initializing Passive Scan Extension - Passive scanner
8052 [ZAP-daemon] INFO  org.parosproxy.paros.extension.ExtensionLoader - Initializing Alerts Extension - Allows you to view and manage alerts
8053 [ZAP-daemon] INFO  org.parosproxy.paros.extension.ExtensionLoader - Initializing Active Scan Extension - Active scanner, heavily based on the original Paros active scanner, but with additional tests added
8059 [ZAP-daemon] INFO  org.parosproxy.paros.extension.ExtensionLoader - Initializing ExtensionSequence - ExtensionSequence
8059 [ZAP-daemon] INFO  org.parosproxy.paros.extension.ExtensionLoader - Initializing Standard Menus Extension - A set of common popup menus for miscellaneous tasks
8059 [ZAP-daemon] INFO  org.parosproxy.paros.extension.ExtensionLoader - Initializing ExtensionBruteForce - Forced browsing of files and directories using code from the OWASP DirBuster tool
8061 [ZAP-daemon] INFO  org.parosproxy.paros.extension.ExtensionLoader - Initializing Compare Extension - Compares 2 sessions and generates an HTML file showing the differences
8061 [ZAP-daemon] INFO  org.parosproxy.paros.extension.ExtensionLoader - Initializing ExtensionInvoke - Invoke external applications passing context related information such as URLs and parameters
8061 [ZAP-daemon] INFO  org.parosproxy.paros.extension.ExtensionLoader - Initializing Anti-CSRF Extension - Handles anti cross site request forgery (CSRF) tokens
8064 [ZAP-daemon] INFO  org.parosproxy.paros.extension.ExtensionLoader - Initializing Authentication Extension - Authentication Extension
8072 [ZAP-daemon] INFO  org.zaproxy.zap.extension.authentication.ExtensionAuthentication - Loaded authentication method types: [Form-based Authentication, HTTP/NTLM Authentication, Manual Authentication, Script-based Authentication, JSON-based Authentication]
8074 [ZAP-daemon] INFO  org.parosproxy.paros.extension.ExtensionLoader - Initializing Users Extension - Users Extension
8075 [ZAP-daemon] INFO  org.parosproxy.paros.extension.ExtensionLoader - Initializing Parameters Extension - Summarise and analyse FORM and URL parameters as well as cookies
8075 [ZAP-daemon] INFO  org.parosproxy.paros.extension.ExtensionLoader - Initializing Script Extension - Script integration
8081 [ZAP-daemon] INFO  org.parosproxy.paros.extension.ExtensionLoader - Initializing ExtensionScripts - Scripting console, supports all JSR 223 scripting languages
8088 [ZAP-daemon] INFO  org.parosproxy.paros.extension.ExtensionLoader - Initializing Forced User Extension - Forced User Extension
8088 [ZAP-daemon] INFO  org.parosproxy.paros.extension.ExtensionLoader - Initializing HTTP Sessions Extension - Extension handling HTTP sessions
8089 [ZAP-daemon] INFO  org.parosproxy.paros.extension.ExtensionLoader - Initializing ExtensionZest - Zest is a specialized scripting language, originally, from Mozilla specifically designed to be used in security tools
8188 [ZAP-daemon] INFO  org.parosproxy.paros.extension.ExtensionLoader - Initializing ExtensionDiff - ExtensionDiff
8188 [ZAP-daemon] INFO  org.parosproxy.paros.extension.ExtensionLoader - Initializing HTTP Panel Post Table View Extension - HTTP Panel Post Table View Extension
8188 [ZAP-daemon] INFO  org.parosproxy.paros.extension.ExtensionLoader - Initializing Encoder Addon - Adds support for scriptable encoders to ZAP.
8189 [ZAP-daemon] INFO  org.parosproxy.paros.extension.ExtensionLoader - Initializing Session Management Extension - Session Management Extension
8191 [ZAP-daemon] INFO  org.zaproxy.zap.extension.sessions.ExtensionSessionManagement - Loaded session management method types: [Cookie-based Session Management, HTTP Authentication Session Management, Script-based Session Management]
8191 [ZAP-daemon] INFO  org.parosproxy.paros.extension.ExtensionLoader - Initializing HTTP Panel Form Table View Extension - HTTP Panel Form Table View Extension
8191 [ZAP-daemon] INFO  org.parosproxy.paros.extension.ExtensionLoader - Initializing WebSockets Support - Capture messages from WebSockets with the ability to set breakpoints.
8201 [ZAP-daemon] INFO  org.parosproxy.paros.extension.ExtensionLoader - Initializing SOAP/WSDL Support - Allows you to import a WSDL file containing operations which ZAP will access, adding them to the Sites tree.
8202 [ZAP-daemon] INFO  org.parosproxy.paros.extension.ExtensionLoader - Initializing Core UI Extension - Core UI related functionality.
8202 [ZAP-daemon] INFO  org.parosproxy.paros.extension.ExtensionLoader - Initializing Authorization Extension - Authorization Extension
8202 [ZAP-daemon] INFO  org.parosproxy.paros.extension.ExtensionLoader - Initializing Requester - Allows to manually edit and send messages.
8204 [ZAP-daemon] INFO  org.parosproxy.paros.extension.ExtensionLoader - Initializing AJAX Spider - AJAX Spider, uses Crawljax
8207 [ZAP-daemon] INFO  org.parosproxy.paros.extension.ExtensionLoader - Initializing WebDriver Provider - Provides WebDrivers to control several browsers using Selenium and includes HtmlUnit browser.
8226 [ZAP-daemon] INFO  org.parosproxy.paros.extension.ExtensionLoader - Initializing ExtensionClientIntegration - Client Side Integration
8229 [ZAP-daemon] INFO  org.parosproxy.paros.extension.ExtensionLoader - Initializing Refresh Sites Tree Extension - Adds menu item to refresh the Sites tree
8230 [ZAP-daemon] INFO  org.parosproxy.paros.extension.ExtensionLoader - Initializing Help Extension - ZAP User Guide
8230 [ZAP-daemon] INFO  org.parosproxy.paros.extension.ExtensionLoader - Initializing Call Home - Handles all of the calls to ZAP services
8231 [ZAP-daemon] INFO  org.parosproxy.paros.extension.ExtensionLoader - Initializing Network Extension - Provides core networking capabilities.
8677 [ZAP-daemon] INFO  org.zaproxy.addon.network.ConnectionOptions - Unsafe SSL/TLS renegotiation disabled.
8679 [ZAP-daemon] INFO  org.parosproxy.paros.extension.ExtensionLoader - Initializing Extension Configuration Extension - Allows you to configure which extensions are loaded when ZAP starts
8679 [ZAP-daemon] INFO  org.parosproxy.paros.extension.ExtensionLoader - Initializing Combined HTTP Panels Extension - Combined HTTP Panels Extension
8679 [ZAP-daemon] INFO  org.parosproxy.paros.extension.ExtensionLoader - Initializing HTTP Panel Hex View Extension - HTTP Panel Hex View Extension
8679 [ZAP-daemon] INFO  org.parosproxy.paros.extension.ExtensionLoader - Initializing HTTP Panel Image View Extension - HTTP Panel Image View Extension
8679 [ZAP-daemon] INFO  org.parosproxy.paros.extension.ExtensionLoader - Initializing HTTP Panel Query Table View Extension - HTTP Panel Query Table View Extension
8680 [ZAP-daemon] INFO  org.parosproxy.paros.extension.ExtensionLoader - Initializing HTTP Panel Syntax Highlighter View Extension - HTTP Panel Syntax Highlighter View Extension
8680 [ZAP-daemon] INFO  org.parosproxy.paros.extension.ExtensionLoader - Initializing Keyboard Configuration Extension - Adds support for configurable keyboard shortcuts for all of the ZAP menus.
8680 [ZAP-daemon] INFO  org.parosproxy.paros.extension.ExtensionLoader - Initializing Scanner Rule Configuration Extension - Active and passive rule configuration
8682 [ZAP-daemon] INFO  org.parosproxy.paros.extension.ExtensionLoader - Initializing Statistics Extension - Statistics
8683 [ZAP-daemon] INFO  org.zaproxy.zap.extension.stats.ExtensionStats - Start recording in memory stats
8683 [ZAP-daemon] INFO  org.parosproxy.paros.extension.ExtensionLoader - Initializing Custom Pages Extension - Custom Pages Definition
8684 [ZAP-daemon] INFO  org.parosproxy.paros.extension.ExtensionLoader - Initializing Retest - Facilitates the verification of presence/absence of certain alerts.
8684 [ZAP-daemon] INFO  org.parosproxy.paros.extension.ExtensionLoader - Initializing Database Extension - Provides databases and persistence capabilities.
8685 [ZAP-daemon] INFO  org.parosproxy.paros.extension.ExtensionLoader - Initializing ExtensionFormHandler - This extension allows a user to change the default values used for generated content (e.g. spiders, importers).
8686 [ZAP-daemon] INFO  org.parosproxy.paros.extension.ExtensionLoader - Initializing Out-of-band Application Security Testing - Adds Out-of-band Application Security Testing functionality.
8691 [ZAP-daemon] INFO  org.parosproxy.paros.extension.ExtensionLoader - Initializing OAST Scripts - Adds OAST scripts.
8691 [ZAP-daemon] INFO  org.parosproxy.paros.extension.ExtensionLoader - Initializing ExtensionTipsAndTricks - Tips and Tricks
8691 [ZAP-daemon] INFO  org.parosproxy.paros.extension.ExtensionLoader - Initializing ExtensionHUD - Heads Up Display
WARNING: A terminally deprecated method in sun.misc.Unsafe has been called
WARNING: sun.misc.Unsafe::allocateMemory has been called by io.netty.util.internal.PlatformDependent0$2 (file:/home/kali/.ZAP/plugin/network-beta-0.28.0.zap)
WARNING: Please consider reporting this to the maintainers of class io.netty.util.internal.PlatformDependent0$2
WARNING: sun.misc.Unsafe::allocateMemory will be removed in a future release
9044 [ZAP-daemon] INFO  org.parosproxy.paros.extension.ExtensionLoader - Initializing ExtensionHUDlaunch - ExtensionHUDlaunch
9046 [ZAP-daemon] INFO  org.parosproxy.paros.extension.ExtensionLoader - Initializing Passive Scanner Extension - Provides core passive scanning capabilities.
9069 [ZAP-daemon] INFO  org.parosproxy.paros.extension.ExtensionLoader - Initializing Passive Scanner Automation Framework Extension - Provides jobs and result data related to the passive scanner.
9070 [ZAP-daemon] INFO  org.parosproxy.paros.extension.ExtensionLoader - Initializing ExtensionGettingStarted - The ZAP Getting Started Guide
9070 [ZAP-daemon] INFO  org.parosproxy.paros.extension.ExtensionLoader - Initializing ExtensionAlertFilters - Context alert rules filter
9072 [ZAP-daemon] INFO  org.parosproxy.paros.extension.ExtensionLoader - Initializing Alert Filters Automation - Alert Filters Automation Framework Integration
9073 [ZAP-daemon] INFO  org.parosproxy.paros.extension.ExtensionLoader - Initializing Advance Fuzzer - Provides the foundation for concrete message types (for example, HTTP, WebSockets) expose fuzzer implementations.
9074 [ZAP-daemon] INFO  org.parosproxy.paros.extension.ExtensionLoader - Initializing HTTP Fuzzer - Allows to fuzz HTTP messages.
9074 [ZAP-daemon] INFO  org.parosproxy.paros.extension.ExtensionLoader - Initializing ExtensionOnlineMenu - The Online menu links
9075 [ZAP-daemon] INFO  org.parosproxy.paros.extension.ExtensionLoader - Initializing Postman Import - Allows you to spider and import Postman collections
9076 [ZAP-daemon] INFO  org.parosproxy.paros.extension.ExtensionLoader - Initializing Postman Automation - Postman Automation Framework Integration
9077 [ZAP-daemon] INFO  org.parosproxy.paros.extension.ExtensionLoader - Initializing ExtensionInsights - Insights Extension
9078 [ZAP-daemon] INFO  org.parosproxy.paros.extension.ExtensionLoader - Initializing Alert Filters Automation - Alert Filters Automation Framework Integration
9080 [ZAP-daemon] INFO  org.parosproxy.paros.extension.ExtensionLoader - Initializing Insights Reports Extension - Adds Insights to the report data
9080 [ZAP-daemon] INFO  org.parosproxy.paros.extension.ExtensionLoader - Initializing Common Library - A library of shared functionality
9081 [ZAP-daemon] INFO  org.parosproxy.paros.extension.ExtensionLoader - Initializing Spider Extension - Spider used for automatically finding URIs on a site.
9112 [ZAP-daemon] INFO  org.parosproxy.paros.extension.ExtensionLoader - Initializing Spider Automation - Spider Automation Integration
9116 [ZAP-daemon] INFO  org.parosproxy.paros.extension.ExtensionLoader - Initializing Scripts Automation Framework Integration - Scripts Automation
9123 [ZAP-daemon] INFO  org.parosproxy.paros.extension.ExtensionLoader - Initializing Script Console Report Data - Supplies script data to reports when the session database contains recorded output.
9124 [ZAP-daemon] INFO  org.parosproxy.paros.extension.ExtensionLoader - Initializing Zest Import/Export - Zest script export and import support for Import/Export.
9124 [ZAP-daemon] INFO  org.parosproxy.paros.extension.ExtensionLoader - Initializing Ajax Spider Automation - Ajax Spider Automation Framework Integration
9126 [ZAP-daemon] INFO  org.parosproxy.paros.extension.ExtensionLoader - Initializing Active Scan Rules - Release status active scan rules
9126 [ZAP-daemon] INFO  org.parosproxy.paros.extension.ExtensionLoader - Initializing Retire.js - Retire.js
9128 [ZAP-daemon] INFO  org.zaproxy.addon.pscan.internal.ScanRuleManager - Loaded passive scan rule: Vulnerable JS Library (Powered by Retire.js)
9128 [ZAP-daemon] INFO  org.parosproxy.paros.extension.ExtensionLoader - Initializing OpenAPI Import - Allows you to spider and import OpenAPI (Swagger) definitions 
9130 [ZAP-daemon] INFO  org.parosproxy.paros.extension.ExtensionLoader - Initializing OpenAPI Automation - OpenAPI Automation Framework Integration
9132 [ZAP-daemon] INFO  org.parosproxy.paros.extension.ExtensionLoader - Initializing OpenAPI Scripts - Adds scripts relevant to OpenAPI specifications.
9132 [ZAP-daemon] INFO  org.parosproxy.paros.extension.ExtensionLoader - Initializing OpenAPI Spider - OpenAPI Spider Integration
9134 [ZAP-daemon] INFO  org.parosproxy.paros.extension.ExtensionLoader - Initializing GraalVM JavaScript Engine Extension - Provides the GraalVM JavaScript engine for ZAP scripting.
9181 [ZAP-daemon] INFO  org.parosproxy.paros.extension.ExtensionLoader - Initializing ExtensionDomXSS - DOM XSS Active Scan Rule
9249 [ZAP-daemon] INFO  org.parosproxy.paros.extension.ExtensionLoader - Initializing Quick Start panel  - Adds the Quick Start panel for scanning and exploring applications
9250 [ZAP-daemon] INFO  org.parosproxy.paros.extension.ExtensionLoader - Initializing Quick Start Ajax Spider integration - Add the option to use the Ajax Spider in the Quick Start scan
9250 [ZAP-daemon] INFO  org.parosproxy.paros.extension.ExtensionLoader - Initializing Quick Start Client Spider Integration - Provides the option to use the Client Spider when running a quick scan
9250 [ZAP-daemon] INFO  org.parosproxy.paros.extension.ExtensionLoader - Initializing Quick Start HUD Integration - HUD integration for the quick start panel
9250 [ZAP-daemon] INFO  org.parosproxy.paros.extension.ExtensionLoader - Initializing Quick Start Browser Launcher - Launch browsers preset proxying through ZAP
9250 [ZAP-daemon] INFO  org.parosproxy.paros.extension.ExtensionLoader - Initializing Quick Start Spider Integration - Adds the option to use the traditional Spider in the Quick Start scan.
9252 [ZAP-daemon] INFO  org.parosproxy.paros.extension.ExtensionLoader - Initializing Sequence Automation - Sequence Automation Framework Integration
9255 [ZAP-daemon] INFO  org.parosproxy.paros.extension.ExtensionLoader - Initializing Automation Framework - Provides functionality to simplify using ZAP in an automated manner
9257 [ZAP-daemon] INFO  org.parosproxy.paros.extension.ExtensionLoader - Initializing Authentication Helper - Authentication Helper
9269 [ZAP-daemon] INFO  org.parosproxy.paros.extension.ExtensionLoader - Initializing Client Spider Browser Based Authentication Support - Enables browser based authentication when performing an authenticated Client Spider scan.
9270 [ZAP-daemon] INFO  org.parosproxy.paros.extension.ExtensionLoader - Initializing Authentication Helper Reports - Authentication Helper Reports
9271 [ZAP-daemon] INFO  org.parosproxy.paros.extension.ExtensionLoader - Initializing AJAX Spider Browser Based Authentication Support - Enables browser based authentication when performing an authenticated AJAX Spider scan.
9272 [ZAP-daemon] INFO  org.parosproxy.paros.extension.ExtensionLoader - Initializing WebSocket Message Editor - Provides the WebSocket Message Editor dialogues.
9272 [ZAP-daemon] INFO  org.parosproxy.paros.extension.ExtensionLoader - Initializing SOAP Automation - SOAP Automation Framework Integration
9273 [ZAP-daemon] INFO  org.parosproxy.paros.extension.ExtensionLoader - Initializing SOAP Spider - SOAP Spider Integration
9273 [ZAP-daemon] INFO  org.parosproxy.paros.extension.ExtensionLoader - Initializing Passive Scan Rules - Release status passive scan rules.
9274 [ZAP-daemon] INFO  org.parosproxy.paros.extension.ExtensionLoader - Initializing Report Generator - Templated and themed report generation functionality
9275 [ZAP-daemon] INFO  org.parosproxy.paros.extension.ExtensionLoader - Initializing Report Generation Automation Integration - Report Generation Automation Integration
9277 [ZAP-daemon] INFO  org.parosproxy.paros.extension.ExtensionLoader - Initializing Client Spider Automation - Client Spider Automation Framework Integration
9278 [ZAP-daemon] INFO  org.parosproxy.paros.extension.ExtensionLoader - Initializing Client Map Import/Export - Client Map export support for Import/Export.
9279 [ZAP-daemon] INFO  org.parosproxy.paros.extension.ExtensionLoader - Initializing Client Zest Script Recording Support - Allows recording client events as Zest scripts.
9281 [ZAP-daemon] INFO  org.parosproxy.paros.extension.ExtensionLoader - Initializing ExtensionGraphQl - Allows you to inspect and attack GraphQL endpoints.
9287 [ZAP-daemon] INFO  org.parosproxy.paros.extension.ExtensionLoader - Initializing GraphQL Automation - GraphQL Automation Framework Integration
9288 [ZAP-daemon] INFO  org.parosproxy.paros.extension.ExtensionLoader - Initializing GraphQL Spider - GraphQL Spider Integration
9288 [ZAP-daemon] INFO  org.parosproxy.paros.extension.ExtensionLoader - Initializing Import/Export - Import and Export functionality supporting multiple formats.
9289 [ZAP-daemon] INFO  org.parosproxy.paros.extension.ExtensionLoader - Initializing Import/Export Automation - Import/Export Automation Framework Integration
9290 [ZAP-daemon] INFO  org.parosproxy.paros.extension.ExtensionLoader - Initializing Match and Replace - Easy way to replace strings in requests and responses
9292 [ZAP-daemon] INFO  org.parosproxy.paros.extension.ExtensionLoader - Initializing Replacer Automation - Replacer Automation Framework Integration
9520 [ZAP-daemon] INFO  org.zaproxy.addon.oast.services.callback.CallbackService - Started callback service on 0.0.0.0:35399
9534 [ZAP-daemon] INFO  org.zaproxy.addon.pscan.internal.ScanRuleManager - Loaded passive scan rule: Script Passive Scan Rules
9536 [ZAP-daemon] INFO  org.zaproxy.addon.pscan.internal.ScanRuleManager - Loaded passive scan rule: Authentication Request Identified
9536 [ZAP-daemon] INFO  org.zaproxy.addon.pscan.internal.ScanRuleManager - Loaded passive scan rule: Session Management Response Identified
9536 [ZAP-daemon] INFO  org.zaproxy.addon.pscan.internal.ScanRuleManager - Loaded passive scan rule: Verification Request Identified
9537 [ZAP-daemon] INFO  org.zaproxy.addon.pscan.internal.ScanRuleManager - Loaded passive scan rule: WSDL File Detection
9595 [ZAP-daemon] INFO  org.zaproxy.addon.pscan.internal.ScanRuleManager - Loaded passive scan rule: Anti-clickjacking Header
9595 [ZAP-daemon] INFO  org.zaproxy.addon.pscan.internal.ScanRuleManager - Loaded passive scan rule: Application Error Disclosure
9595 [ZAP-daemon] INFO  org.zaproxy.addon.pscan.internal.ScanRuleManager - Loaded passive scan rule: Big Redirect Detected (Potential Sensitive Information Leak)
9595 [ZAP-daemon] INFO  org.zaproxy.addon.pscan.internal.ScanRuleManager - Loaded passive scan rule: Re-examine Cache-control Directives
9595 [ZAP-daemon] INFO  org.zaproxy.addon.pscan.internal.ScanRuleManager - Loaded passive scan rule: Charset Mismatch
9595 [ZAP-daemon] INFO  org.zaproxy.addon.pscan.internal.ScanRuleManager - Loaded passive scan rule: Content Security Policy (CSP) Header Not Set
9595 [ZAP-daemon] INFO  org.zaproxy.addon.pscan.internal.ScanRuleManager - Loaded passive scan rule: CSP
9596 [ZAP-daemon] INFO  org.zaproxy.addon.pscan.internal.ScanRuleManager - Loaded passive scan rule: Content-Type Header Missing
9596 [ZAP-daemon] INFO  org.zaproxy.addon.pscan.internal.ScanRuleManager - Loaded passive scan rule: Cookie No HttpOnly Flag
9596 [ZAP-daemon] INFO  org.zaproxy.addon.pscan.internal.ScanRuleManager - Loaded passive scan rule: Loosely Scoped Cookie
9596 [ZAP-daemon] INFO  org.zaproxy.addon.pscan.internal.ScanRuleManager - Loaded passive scan rule: Cookie without SameSite Attribute
9596 [ZAP-daemon] INFO  org.zaproxy.addon.pscan.internal.ScanRuleManager - Loaded passive scan rule: Cookie Without Secure Flag
9596 [ZAP-daemon] INFO  org.zaproxy.addon.pscan.internal.ScanRuleManager - Loaded passive scan rule: Cross-Domain Misconfiguration
9597 [ZAP-daemon] INFO  org.zaproxy.addon.pscan.internal.ScanRuleManager - Loaded passive scan rule: Cross-Domain JavaScript Source File Inclusion
9597 [ZAP-daemon] INFO  org.zaproxy.addon.pscan.internal.ScanRuleManager - Loaded passive scan rule: Absence of Anti-CSRF Tokens
9597 [ZAP-daemon] INFO  org.zaproxy.addon.pscan.internal.ScanRuleManager - Loaded passive scan rule: Directory Browsing
9597 [ZAP-daemon] INFO  org.zaproxy.addon.pscan.internal.ScanRuleManager - Loaded passive scan rule: Hash Disclosure
9598 [ZAP-daemon] INFO  org.zaproxy.addon.pscan.internal.ScanRuleManager - Loaded passive scan rule: Heartbleed OpenSSL Vulnerability (Indicative)
9598 [ZAP-daemon] INFO  org.zaproxy.addon.pscan.internal.ScanRuleManager - Loaded passive scan rule: In Page Banner Information Leak
9598 [ZAP-daemon] INFO  org.zaproxy.addon.pscan.internal.ScanRuleManager - Loaded passive scan rule: Private IP Disclosure
9598 [ZAP-daemon] INFO  org.zaproxy.addon.pscan.internal.ScanRuleManager - Loaded passive scan rule: Session ID in URL Rewrite
9598 [ZAP-daemon] INFO  org.zaproxy.addon.pscan.internal.ScanRuleManager - Loaded passive scan rule: Information Disclosure - Debug Error Messages
9598 [ZAP-daemon] INFO  org.zaproxy.addon.pscan.internal.ScanRuleManager - Loaded passive scan rule: Information Disclosure - Sensitive Information in URL
9598 [ZAP-daemon] INFO  org.zaproxy.addon.pscan.internal.ScanRuleManager - Loaded passive scan rule: Information Disclosure - Sensitive Information in HTTP Referrer Header
9598 [ZAP-daemon] INFO  org.zaproxy.addon.pscan.internal.ScanRuleManager - Loaded passive scan rule: Information Disclosure - Suspicious Comments
9599 [ZAP-daemon] INFO  org.zaproxy.addon.pscan.internal.ScanRuleManager - Loaded passive scan rule: Weak Authentication Method
9599 [ZAP-daemon] INFO  org.zaproxy.addon.pscan.internal.ScanRuleManager - Loaded passive scan rule: HTTP to HTTPS Insecure Transition in Form Post
9599 [ZAP-daemon] INFO  org.zaproxy.addon.pscan.internal.ScanRuleManager - Loaded passive scan rule: HTTPS to HTTP Insecure Transition in Form Post
9599 [ZAP-daemon] INFO  org.zaproxy.addon.pscan.internal.ScanRuleManager - Loaded passive scan rule: Insecure JSF ViewState
9600 [ZAP-daemon] INFO  org.zaproxy.addon.pscan.internal.ScanRuleManager - Loaded passive scan rule: Java Serialization Object
9600 [ZAP-daemon] INFO  org.zaproxy.addon.pscan.internal.ScanRuleManager - Loaded passive scan rule: Reverse Tabnabbing
9600 [ZAP-daemon] INFO  org.zaproxy.addon.pscan.internal.ScanRuleManager - Loaded passive scan rule: Secure Pages Include Mixed Content
9600 [ZAP-daemon] INFO  org.zaproxy.addon.pscan.internal.ScanRuleManager - Loaded passive scan rule: Modern Web Application
9600 [ZAP-daemon] INFO  org.zaproxy.addon.pscan.internal.ScanRuleManager - Loaded passive scan rule: PII Disclosure
9600 [ZAP-daemon] INFO  org.zaproxy.addon.pscan.internal.ScanRuleManager - Loaded passive scan rule: Script Served From Malicious Domain (polyfill)
9600 [ZAP-daemon] INFO  org.zaproxy.addon.pscan.internal.ScanRuleManager - Loaded passive scan rule: Retrieved from Cache
9600 [ZAP-daemon] INFO  org.zaproxy.addon.pscan.internal.ScanRuleManager - Loaded passive scan rule: HTTP Server Response Header
9600 [ZAP-daemon] INFO  org.zaproxy.addon.pscan.internal.ScanRuleManager - Loaded passive scan rule: Strict-Transport-Security Header
9601 [ZAP-daemon] INFO  org.zaproxy.addon.pscan.internal.ScanRuleManager - Loaded passive scan rule: Sub Resource Integrity Attribute Missing
9601 [ZAP-daemon] INFO  org.zaproxy.addon.pscan.internal.ScanRuleManager - Loaded passive scan rule: Timestamp Disclosure
9601 [ZAP-daemon] INFO  org.zaproxy.addon.pscan.internal.ScanRuleManager - Loaded passive scan rule: User Controllable Charset
9601 [ZAP-daemon] INFO  org.zaproxy.addon.pscan.internal.ScanRuleManager - Loaded passive scan rule: Cookie Poisoning
9601 [ZAP-daemon] INFO  org.zaproxy.addon.pscan.internal.ScanRuleManager - Loaded passive scan rule: User Controllable HTML Element Attribute (Potential XSS)
9601 [ZAP-daemon] INFO  org.zaproxy.addon.pscan.internal.ScanRuleManager - Loaded passive scan rule: User Controllable JavaScript Event (XSS)
9601 [ZAP-daemon] INFO  org.zaproxy.addon.pscan.internal.ScanRuleManager - Loaded passive scan rule: Off-site Redirect
9601 [ZAP-daemon] INFO  org.zaproxy.addon.pscan.internal.ScanRuleManager - Loaded passive scan rule: Username Hash Found
9601 [ZAP-daemon] INFO  org.zaproxy.addon.pscan.internal.ScanRuleManager - Loaded passive scan rule: Viewstate
9601 [ZAP-daemon] INFO  org.zaproxy.addon.pscan.internal.ScanRuleManager - Loaded passive scan rule: X-AspNet-Version Response Header
9601 [ZAP-daemon] INFO  org.zaproxy.addon.pscan.internal.ScanRuleManager - Loaded passive scan rule: X-Backend-Server Header Information Leak
9601 [ZAP-daemon] INFO  org.zaproxy.addon.pscan.internal.ScanRuleManager - Loaded passive scan rule: X-ChromeLogger-Data (XCOLD) Header Information Leak
9602 [ZAP-daemon] INFO  org.zaproxy.addon.pscan.internal.ScanRuleManager - Loaded passive scan rule: X-Content-Type-Options Header Missing
9602 [ZAP-daemon] INFO  org.zaproxy.addon.pscan.internal.ScanRuleManager - Loaded passive scan rule: X-Debug-Token Information Leak
9602 [ZAP-daemon] INFO  org.zaproxy.addon.pscan.internal.ScanRuleManager - Loaded passive scan rule: Server Leaks Information via "X-Powered-By" HTTP Response Header Field(s)
9602 [ZAP-daemon] INFO  org.zaproxy.addon.pscan.internal.ScanRuleManager - Loaded passive scan rule: ZAP is Out of Date
9603 [ZAP-daemon] INFO  org.zaproxy.addon.pscan.internal.ScanRuleManager - Loaded passive scan rule: Stats Passive Scan Rule
WARNING: A restricted method in java.lang.System has been called
WARNING: java.lang.System::load has been called by com.oracle.truffle.polyglot.JDKSupport in an unnamed module (file:/home/kali/.ZAP/addOnData/graaljs/0.14.0/libs/truffle-api-25.0.2.jar)
WARNING: Use --enable-native-access=ALL-UNNAMED to avoid a warning for callers in this module
WARNING: Restricted methods will be blocked in a future release unless native access is enabled

13983 [ZAP-daemon] INFO  org.zaproxy.zap.extension.autoupdate.ExtensionAutoUpdate - There is/are 2 newer addons
24558 [ZAP-DownloadInstaller] INFO  org.zaproxy.zap.extension.autoupdate.ExtensionAutoUpdate - Installing new addon retire v0.63.0
24595 [ZAP-DownloadInstaller] INFO  org.zaproxy.addon.pscan.internal.ScanRuleManager - Loaded passive scan rule: Vulnerable JS Library (Powered by Retire.js)
24600 [ZAP-DownloadInstaller] INFO  org.zaproxy.zap.extension.autoupdate.ExtensionAutoUpdate - Finished installing new addon retire v0.63.0
24607 [ZAP-DownloadInstaller] INFO  org.zaproxy.zap.extension.autoupdate.ExtensionAutoUpdate - Installing new addon webdriverlinux v214.0.0
25137 [ZAP-DownloadInstaller] INFO  org.zaproxy.zap.extension.autoupdate.ExtensionAutoUpdate - Finished installing new addon webdriverlinux v214.0.0
25218 [ZAP-daemon] INFO  org.parosproxy.paros.CommandLine - Add-on downloaded to: /home/kali/.ZAP/plugin/retire-release-0.63.0.zap
25218 [ZAP-daemon] INFO  org.parosproxy.paros.CommandLine - Add-on downloaded to: /home/kali/.ZAP/plugin/webdriverlinux-release-214.zap
25284 [ZAP-daemon] INFO  org.zaproxy.addon.network.ExtensionNetwork - ZAP is now listening on 127.0.0.1:8080
25672 [ZAP-SpiderInitThread-0] INFO  org.zaproxy.addon.spider.SpiderThread - Starting spidering scan on http://192.168.1.1 at 2026-08-07T03:09:09.598-0400
25676 [ZAP-SpiderInitThread-0] INFO  org.zaproxy.addon.spider.Spider - Spider initializing...
25689 [ZAP-SpiderInitThread-0] INFO  org.zaproxy.addon.spider.Spider - Starting spider...
25823 [ZAP-SpiderThreadPool-0-thread-3] INFO  org.zaproxy.addon.spider.Spider - Spidering process is complete. Shutting down...
25825 [ZAP-SpiderShutdownThread-0] INFO  org.zaproxy.addon.spider.SpiderThread - Spider scanning complete: true on http://192.168.1.1 at 2026-08-07T03:09:09.751-0400
27769 [ZAP-IO-Server-1-1] INFO  org.parosproxy.paros.core.scanner.Scanner - scanner with ID 0 started
27833 [ZAP-Scanner-0] INFO  org.parosproxy.paros.core.scanner.HostProcess - Scanning 3 node(s) from http://192.168.1.1
27834 [ZAP-Scanner-0] INFO  org.parosproxy.paros.core.scanner.HostProcess - start host http://192.168.1.1 | PathTraversalScanRule strength MEDIUM threshold MEDIUM
27850 [ZAP-Scanner-0] INFO  org.parosproxy.paros.core.scanner.HostProcess - completed host/plugin http://192.168.1.1 | PathTraversalScanRule in 0.017s with 0 message(s) sent and 0 alert(s) raised.
27851 [ZAP-Scanner-0] INFO  org.parosproxy.paros.core.scanner.HostProcess - start host http://192.168.1.1 | RemoteFileIncludeScanRule strength MEDIUM threshold MEDIUM
27856 [ZAP-Scanner-0] INFO  org.parosproxy.paros.core.scanner.HostProcess - completed host/plugin http://192.168.1.1 | RemoteFileIncludeScanRule in 0.006s with 0 message(s) sent and 0 alert(s) raised.
27857 [ZAP-Scanner-0] INFO  org.parosproxy.paros.core.scanner.HostProcess - start host http://192.168.1.1 | SourceCodeDisclosureWebInfScanRule strength MEDIUM threshold MEDIUM
27858 [ZAP-Scanner-0] INFO  org.parosproxy.paros.core.scanner.HostProcess - start host http://192.168.1.1 | ShellShockScanRule strength MEDIUM threshold MEDIUM
27877 [ZAP-ActiveScanner-0] INFO  org.parosproxy.paros.core.scanner.HostProcess - completed host/plugin http://192.168.1.1 | SourceCodeDisclosureWebInfScanRule in 0.02s with 2 message(s) sent and 0 alert(s) raised.
27882 [ZAP-Scanner-0] INFO  org.parosproxy.paros.core.scanner.HostProcess - completed host/plugin http://192.168.1.1 | ShellShockScanRule in 0.024s with 0 message(s) sent and 0 alert(s) raised.
27882 [ZAP-Scanner-0] INFO  org.parosproxy.paros.core.scanner.HostProcess - start host http://192.168.1.1 | HeartBleedActiveScanRule strength MEDIUM threshold MEDIUM
27885 [ZAP-Scanner-0] INFO  org.parosproxy.paros.core.scanner.HostProcess - start host http://192.168.1.1 | SourceCodeDisclosureCve20121823ScanRule strength MEDIUM threshold MEDIUM
27890 [ZAP-ActiveScanner-0] INFO  org.parosproxy.paros.core.scanner.HostProcess - completed host/plugin http://192.168.1.1 | HeartBleedActiveScanRule in 0.008s with 0 message(s) sent and 0 alert(s) raised.
27896 [ZAP-Scanner-0] INFO  org.parosproxy.paros.core.scanner.HostProcess - completed host/plugin http://192.168.1.1 | SourceCodeDisclosureCve20121823ScanRule in 0.012s with 0 message(s) sent and 0 alert(s) raised.
27896 [ZAP-Scanner-0] INFO  org.parosproxy.paros.core.scanner.HostProcess - start host http://192.168.1.1 | RemoteCodeExecutionCve20121823ScanRule strength MEDIUM threshold MEDIUM
27908 [ZAP-ActiveScanner-0] INFO  org.apache.hc.client5.http.impl.classic.ZapHttpRequestRetryExec - Recoverable I/O exception (org.apache.hc.core5.http.NoHttpResponseException) caught when processing request to {}->http://192.168.1.1:80
27911 [ZAP-ActiveScanner-1] INFO  org.apache.hc.client5.http.impl.classic.ZapHttpRequestRetryExec - Recoverable I/O exception (org.apache.hc.core5.http.NoHttpResponseException) caught when processing request to {}->http://192.168.1.1:80
27914 [ZAP-ActiveScanner-2] INFO  org.apache.hc.client5.http.impl.classic.ZapHttpRequestRetryExec - Recoverable I/O exception (org.apache.hc.core5.http.NoHttpResponseException) caught when processing request to {}->http://192.168.1.1:80
27918 [ZAP-ActiveScanner-0] INFO  org.apache.hc.client5.http.impl.classic.ZapHttpRequestRetryExec - Recoverable I/O exception (org.apache.hc.core5.http.NoHttpResponseException) caught when processing request to {}->http://192.168.1.1:80
27919 [ZAP-ActiveScanner-1] INFO  org.apache.hc.client5.http.impl.classic.ZapHttpRequestRetryExec - Recoverable I/O exception (org.apache.hc.core5.http.NoHttpResponseException) caught when processing request to {}->http://192.168.1.1:80
27923 [ZAP-ActiveScanner-2] INFO  org.apache.hc.client5.http.impl.classic.ZapHttpRequestRetryExec - Recoverable I/O exception (org.apache.hc.core5.http.NoHttpResponseException) caught when processing request to {}->http://192.168.1.1:80
27926 [ZAP-ActiveScanner-0] INFO  org.apache.hc.client5.http.impl.classic.ZapHttpRequestRetryExec - Recoverable I/O exception (org.apache.hc.core5.http.NoHttpResponseException) caught when processing request to {}->http://192.168.1.1:80
27928 [ZAP-ActiveScanner-1] INFO  org.apache.hc.client5.http.impl.classic.ZapHttpRequestRetryExec - Recoverable I/O exception (org.apache.hc.core5.http.NoHttpResponseException) caught when processing request to {}->http://192.168.1.1:80
27931 [ZAP-ActiveScanner-2] INFO  org.apache.hc.client5.http.impl.classic.ZapHttpRequestRetryExec - Recoverable I/O exception (org.apache.hc.core5.http.NoHttpResponseException) caught when processing request to {}->http://192.168.1.1:80
27945 [ZAP-ActiveScanner-1] INFO  org.apache.hc.client5.http.impl.classic.ZapHttpRequestRetryExec - Recoverable I/O exception (org.apache.hc.core5.http.NoHttpResponseException) caught when processing request to {}->http://192.168.1.1:80
27948 [ZAP-ActiveScanner-0] INFO  org.apache.hc.client5.http.impl.classic.ZapHttpRequestRetryExec - Recoverable I/O exception (org.apache.hc.core5.http.NoHttpResponseException) caught when processing request to {}->http://192.168.1.1:80
27950 [ZAP-ActiveScanner-2] INFO  org.apache.hc.client5.http.impl.classic.ZapHttpRequestRetryExec - Recoverable I/O exception (org.apache.hc.core5.http.NoHttpResponseException) caught when processing request to {}->http://192.168.1.1:80
27954 [ZAP-ActiveScanner-1] INFO  org.apache.hc.client5.http.impl.classic.ZapHttpRequestRetryExec - Recoverable I/O exception (org.apache.hc.core5.http.NoHttpResponseException) caught when processing request to {}->http://192.168.1.1:80
27956 [ZAP-ActiveScanner-0] INFO  org.apache.hc.client5.http.impl.classic.ZapHttpRequestRetryExec - Recoverable I/O exception (org.apache.hc.core5.http.NoHttpResponseException) caught when processing request to {}->http://192.168.1.1:80
27959 [ZAP-ActiveScanner-2] INFO  org.apache.hc.client5.http.impl.classic.ZapHttpRequestRetryExec - Recoverable I/O exception (org.apache.hc.core5.http.NoHttpResponseException) caught when processing request to {}->http://192.168.1.1:80
27962 [ZAP-ActiveScanner-1] INFO  org.apache.hc.client5.http.impl.classic.ZapHttpRequestRetryExec - Recoverable I/O exception (org.apache.hc.core5.http.NoHttpResponseException) caught when processing request to {}->http://192.168.1.1:80
27965 [ZAP-ActiveScanner-0] INFO  org.apache.hc.client5.http.impl.classic.ZapHttpRequestRetryExec - Recoverable I/O exception (org.apache.hc.core5.http.NoHttpResponseException) caught when processing request to {}->http://192.168.1.1:80
27967 [ZAP-ActiveScanner-2] INFO  org.apache.hc.client5.http.impl.classic.ZapHttpRequestRetryExec - Recoverable I/O exception (org.apache.hc.core5.http.NoHttpResponseException) caught when processing request to {}->http://192.168.1.1:80
27974 [ZAP-Scanner-0] INFO  org.parosproxy.paros.core.scanner.HostProcess - completed host/plugin http://192.168.1.1 | RemoteCodeExecutionCve20121823ScanRule in 0.078s with 0 message(s) sent and 0 alert(s) raised.
27974 [ZAP-Scanner-0] INFO  org.parosproxy.paros.core.scanner.HostProcess - start host http://192.168.1.1 | ExternalRedirectScanRule strength MEDIUM threshold MEDIUM
27980 [ZAP-Scanner-0] INFO  org.parosproxy.paros.core.scanner.HostProcess - completed host/plugin http://192.168.1.1 | ExternalRedirectScanRule in 0.006s with 0 message(s) sent and 0 alert(s) raised.
27981 [ZAP-Scanner-0] INFO  org.parosproxy.paros.core.scanner.HostProcess - start host http://192.168.1.1 | ServerSideIncludeScanRule strength MEDIUM threshold MEDIUM
27985 [ZAP-Scanner-0] INFO  org.parosproxy.paros.core.scanner.HostProcess - completed host/plugin http://192.168.1.1 | ServerSideIncludeScanRule in 0.005s with 0 message(s) sent and 0 alert(s) raised.
27986 [ZAP-Scanner-0] INFO  org.parosproxy.paros.core.scanner.HostProcess - start host http://192.168.1.1 | CrossSiteScriptingScanRule strength MEDIUM threshold MEDIUM
27990 [ZAP-Scanner-0] INFO  org.parosproxy.paros.core.scanner.HostProcess - completed host/plugin http://192.168.1.1 | CrossSiteScriptingScanRule in 0.004s with 0 message(s) sent and 0 alert(s) raised.
27990 [ZAP-Scanner-0] INFO  org.parosproxy.paros.core.scanner.HostProcess - start host http://192.168.1.1 | PersistentXssPrimeScanRule strength MEDIUM threshold MEDIUM
27997 [ZAP-Scanner-0] INFO  org.parosproxy.paros.core.scanner.HostProcess - completed host/plugin http://192.168.1.1 | PersistentXssPrimeScanRule in 0.007s with 0 message(s) sent and 0 alert(s) raised.
27998 [ZAP-Scanner-0] INFO  org.parosproxy.paros.core.scanner.HostProcess - start host http://192.168.1.1 | PersistentXssSpiderScanRule strength MEDIUM threshold MEDIUM
28022 [ZAP-Scanner-0] INFO  org.parosproxy.paros.core.scanner.HostProcess - completed host/plugin http://192.168.1.1 | PersistentXssSpiderScanRule in 0.024s with 3 message(s) sent and 0 alert(s) raised.
28022 [ZAP-Scanner-0] INFO  org.parosproxy.paros.core.scanner.HostProcess - start host http://192.168.1.1 | PersistentXssScanRule strength MEDIUM threshold MEDIUM
28025 [ZAP-Scanner-0] INFO  org.parosproxy.paros.core.scanner.HostProcess - completed host/plugin http://192.168.1.1 | PersistentXssScanRule in 0.003s with 0 message(s) sent and 0 alert(s) raised.
28026 [ZAP-Scanner-0] INFO  org.parosproxy.paros.core.scanner.HostProcess - start host http://192.168.1.1 | SqlInjectionScanRule strength MEDIUM threshold MEDIUM
28029 [ZAP-Scanner-0] INFO  org.parosproxy.paros.core.scanner.HostProcess - completed host/plugin http://192.168.1.1 | SqlInjectionScanRule in 0.004s with 0 message(s) sent and 0 alert(s) raised.
28030 [ZAP-Scanner-0] INFO  org.parosproxy.paros.core.scanner.HostProcess - start host http://192.168.1.1 | SqlInjectionMySqlTimingScanRule strength MEDIUM threshold MEDIUM
28034 [ZAP-Scanner-0] INFO  org.parosproxy.paros.core.scanner.HostProcess - completed host/plugin http://192.168.1.1 | SqlInjectionMySqlTimingScanRule in 0.004s with 0 message(s) sent and 0 alert(s) raised.
28035 [ZAP-Scanner-0] INFO  org.parosproxy.paros.core.scanner.HostProcess - start host http://192.168.1.1 | SqlInjectionHypersonicTimingScanRule strength MEDIUM threshold MEDIUM
28044 [ZAP-Scanner-0] INFO  org.parosproxy.paros.core.scanner.HostProcess - completed host/plugin http://192.168.1.1 | SqlInjectionHypersonicTimingScanRule in 0.009s with 0 message(s) sent and 0 alert(s) raised.
28044 [ZAP-Scanner-0] INFO  org.parosproxy.paros.core.scanner.HostProcess - start host http://192.168.1.1 | SqlInjectionOracleTimingScanRule strength MEDIUM threshold MEDIUM
28048 [ZAP-Scanner-0] INFO  org.parosproxy.paros.core.scanner.HostProcess - completed host/plugin http://192.168.1.1 | SqlInjectionOracleTimingScanRule in 0.004s with 0 message(s) sent and 0 alert(s) raised.
28050 [ZAP-Scanner-0] INFO  org.parosproxy.paros.core.scanner.HostProcess - start host http://192.168.1.1 | SqlInjectionPostgreSqlTimingScanRule strength MEDIUM threshold MEDIUM
28053 [ZAP-Scanner-0] INFO  org.parosproxy.paros.core.scanner.HostProcess - completed host/plugin http://192.168.1.1 | SqlInjectionPostgreSqlTimingScanRule in 0.003s with 0 message(s) sent and 0 alert(s) raised.
28053 [ZAP-Scanner-0] INFO  org.parosproxy.paros.core.scanner.HostProcess - start host http://192.168.1.1 | DomXssScanRule strength MEDIUM threshold MEDIUM
37020 [Thread-71] INFO  org.zaproxy.zap.extension.domxss.DomXssScanRule - Reaper thread starting
41590 [ZAP-Scanner-0] INFO  org.parosproxy.paros.core.scanner.HostProcess - completed host/plugin http://192.168.1.1 | DomXssScanRule in 13.537s with 11 message(s) sent and 0 alert(s) raised.
42026 [ZAP-DomXssReaper] INFO  org.zaproxy.zap.extension.domxss.DomXssScanRule - Reaper thread exiting 0
45265 [ZAP-Scanner-0] INFO  org.parosproxy.paros.core.scanner.HostProcess - start host http://192.168.1.1 | SqlInjectionMsSqlTimingScanRule strength MEDIUM threshold MEDIUM
45271 [ZAP-Scanner-0] INFO  org.parosproxy.paros.core.scanner.HostProcess - completed host/plugin http://192.168.1.1 | SqlInjectionMsSqlTimingScanRule in 0.006s with 0 message(s) sent and 0 alert(s) raised.
45271 [ZAP-Scanner-0] INFO  org.parosproxy.paros.core.scanner.HostProcess - start host http://192.168.1.1 | Log4ShellScanRule strength MEDIUM threshold MEDIUM
45273 [ZAP-Scanner-0] INFO  org.parosproxy.paros.core.scanner.HostProcess - skipped plugin [no Active Scan OAST service is selected] http://192.168.1.1 | Log4ShellScanRule in 0.002s with 0 message(s) sent and 0 alert(s) raised.
45273 [ZAP-Scanner-0] INFO  org.parosproxy.paros.core.scanner.HostProcess - start host http://192.168.1.1 | Spring4ShellScanRule strength MEDIUM threshold MEDIUM
45293 [ZAP-ActiveScanner-1] INFO  org.apache.hc.client5.http.impl.classic.ZapHttpRequestRetryExec - Recoverable I/O exception (org.apache.hc.core5.http.NoHttpResponseException) caught when processing request to {}->http://192.168.1.1:80
45295 [ZAP-ActiveScanner-2] INFO  org.apache.hc.client5.http.impl.classic.ZapHttpRequestRetryExec - Recoverable I/O exception (org.apache.hc.core5.http.NoHttpResponseException) caught when processing request to {}->http://192.168.1.1:80
45300 [ZAP-ActiveScanner-1] INFO  org.apache.hc.client5.http.impl.classic.ZapHttpRequestRetryExec - Recoverable I/O exception (org.apache.hc.core5.http.NoHttpResponseException) caught when processing request to {}->http://192.168.1.1:80
45303 [ZAP-ActiveScanner-0] INFO  org.apache.hc.client5.http.impl.classic.ZapHttpRequestRetryExec - Recoverable I/O exception (org.apache.hc.core5.http.NoHttpResponseException) caught when processing request to {}->http://192.168.1.1:80
45306 [ZAP-ActiveScanner-2] INFO  org.apache.hc.client5.http.impl.classic.ZapHttpRequestRetryExec - Recoverable I/O exception (org.apache.hc.core5.http.NoHttpResponseException) caught when processing request to {}->http://192.168.1.1:80
45309 [ZAP-ActiveScanner-1] INFO  org.apache.hc.client5.http.impl.classic.ZapHttpRequestRetryExec - Recoverable I/O exception (org.apache.hc.core5.http.NoHttpResponseException) caught when processing request to {}->http://192.168.1.1:80
45312 [ZAP-ActiveScanner-0] INFO  org.apache.hc.client5.http.impl.classic.ZapHttpRequestRetryExec - Recoverable I/O exception (org.apache.hc.core5.http.NoHttpResponseException) caught when processing request to {}->http://192.168.1.1:80
45315 [ZAP-ActiveScanner-2] INFO  org.apache.hc.client5.http.impl.classic.ZapHttpRequestRetryExec - Recoverable I/O exception (org.apache.hc.core5.http.NoHttpResponseException) caught when processing request to {}->http://192.168.1.1:80
45317 [ZAP-ActiveScanner-1] WARN  org.zaproxy.zap.extension.ascanrules.Spring4ShellScanRule - 192.168.1.1:80 failed to respond
org.apache.hc.core5.http.NoHttpResponseException: 192.168.1.1:80 failed to respond
	at org.apache.hc.core5.http.impl.io.DefaultBHttpClientConnection.receiveResponseHeader(DefaultBHttpClientConnection.java:301)
	at org.zaproxy.addon.network.internal.client.apachev5.ZapHttpRequestExecutor.execute(ZapHttpRequestExecutor.java:78)
	at org.apache.hc.core5.http.impl.io.HttpRequestExecutor.execute(HttpRequestExecutor.java:218)
	at org.apache.hc.client5.http.impl.io.PoolingHttpClientConnectionManager$InternalConnectionEndpoint.execute(PoolingHttpClientConnectionManager.java:712)
	at org.apache.hc.client5.http.impl.classic.InternalExecRuntime.execute(InternalExecRuntime.java:216)
	at org.apache.hc.client5.http.impl.classic.MainClientExec.execute(MainClientExec.java:116)
	at org.apache.hc.client5.http.impl.classic.ExecChainElement.execute(ExecChainElement.java:51)
	at org.apache.hc.client5.http.impl.classic.ConnectExec.execute(ConnectExec.java:188)
	at org.apache.hc.client5.http.impl.classic.ExecChainElement.execute(ExecChainElement.java:51)
	at org.apache.hc.client5.http.impl.classic.ZapProtocolExec.execute(ZapProtocolExec.java:179)
	at org.apache.hc.client5.http.impl.classic.ExecChainElement.execute(ExecChainElement.java:51)
	at org.apache.hc.client5.http.impl.classic.ZapHttpRequestRetryExec.execute(ZapHttpRequestRetryExec.java:81)
	at org.apache.hc.client5.http.impl.classic.ExecChainElement.execute(ExecChainElement.java:51)
	at org.apache.hc.client5.http.impl.classic.ZapInternalHttpClient.doExecute(ZapInternalHttpClient.java:173)
	at org.apache.hc.client5.http.impl.classic.CloseableHttpClient.execute(CloseableHttpClient.java:245)
	at org.apache.hc.client5.http.impl.classic.CloseableHttpClient.execute(CloseableHttpClient.java:188)
	at org.zaproxy.addon.network.internal.client.apachev5.HttpSenderApache.sendImpl0(HttpSenderApache.java:486)
	at org.zaproxy.addon.network.internal.client.apachev5.HttpSenderApache.sendImpl(HttpSenderApache.java:365)
	at org.zaproxy.addon.network.internal.client.apachev5.HttpSenderApache.sendImpl(HttpSenderApache.java:116)
	at org.zaproxy.addon.network.internal.client.BaseHttpSender.sendRateLimited(BaseHttpSender.java:415)
	at org.zaproxy.addon.network.internal.client.BaseHttpSender.sendAuthenticated(BaseHttpSender.java:383)
	at org.zaproxy.addon.network.internal.client.BaseHttpSender.sendNoRedirections(BaseHttpSender.java:351)
	at org.zaproxy.addon.network.internal.client.BaseHttpSender.send(BaseHttpSender.java:307)
	at org.zaproxy.addon.network.internal.client.BaseHttpSender.sendAndReceive(BaseHttpSender.java:278)
	at org.zaproxy.addon.network.internal.client.BaseHttpSender.sendAndReceive(BaseHttpSender.java:234)
	at org.parosproxy.paros.network.HttpSender.sendImpl(HttpSender.java:536)
	at org.parosproxy.paros.network.HttpSender.sendAndReceive(HttpSender.java:529)
	at org.parosproxy.paros.core.scanner.AbstractPlugin.sendMessageImpl(AbstractPlugin.java:344)
	at org.parosproxy.paros.core.scanner.AbstractPlugin.sendAndReceive(AbstractPlugin.java:331)
	at org.parosproxy.paros.core.scanner.AbstractPlugin.sendAndReceive(AbstractPlugin.java:265)
	at org.parosproxy.paros.core.scanner.AbstractPlugin.sendAndReceive(AbstractPlugin.java:238)
	at org.zaproxy.zap.extension.ascanrules.Spring4ShellScanRule.isVulnerable(Spring4ShellScanRule.java:129)
	at org.zaproxy.zap.extension.ascanrules.Spring4ShellScanRule.scan(Spring4ShellScanRule.java:160)
	at org.parosproxy.paros.core.scanner.AbstractPlugin.run(AbstractPlugin.java:402)
	at java.base/java.lang.Thread.run(Thread.java:1474)
45320 [ZAP-ActiveScanner-0] INFO  org.apache.hc.client5.http.impl.classic.ZapHttpRequestRetryExec - Recoverable I/O exception (org.apache.hc.core5.http.NoHttpResponseException) caught when processing request to {}->http://192.168.1.1:80
45323 [ZAP-ActiveScanner-2] WARN  org.zaproxy.zap.extension.ascanrules.Spring4ShellScanRule - 192.168.1.1:80 failed to respond
org.apache.hc.core5.http.NoHttpResponseException: 192.168.1.1:80 failed to respond
	at org.apache.hc.core5.http.impl.io.DefaultBHttpClientConnection.receiveResponseHeader(DefaultBHttpClientConnection.java:301)
	at org.zaproxy.addon.network.internal.client.apachev5.ZapHttpRequestExecutor.execute(ZapHttpRequestExecutor.java:78)
	at org.apache.hc.core5.http.impl.io.HttpRequestExecutor.execute(HttpRequestExecutor.java:218)
	at org.apache.hc.client5.http.impl.io.PoolingHttpClientConnectionManager$InternalConnectionEndpoint.execute(PoolingHttpClientConnectionManager.java:712)
	at org.apache.hc.client5.http.impl.classic.InternalExecRuntime.execute(InternalExecRuntime.java:216)
	at org.apache.hc.client5.http.impl.classic.MainClientExec.execute(MainClientExec.java:116)
	at org.apache.hc.client5.http.impl.classic.ExecChainElement.execute(ExecChainElement.java:51)
	at org.apache.hc.client5.http.impl.classic.ConnectExec.execute(ConnectExec.java:188)
	at org.apache.hc.client5.http.impl.classic.ExecChainElement.execute(ExecChainElement.java:51)
	at org.apache.hc.client5.http.impl.classic.ZapProtocolExec.execute(ZapProtocolExec.java:179)
	at org.apache.hc.client5.http.impl.classic.ExecChainElement.execute(ExecChainElement.java:51)
	at org.apache.hc.client5.http.impl.classic.ZapHttpRequestRetryExec.execute(ZapHttpRequestRetryExec.java:81)
	at org.apache.hc.client5.http.impl.classic.ExecChainElement.execute(ExecChainElement.java:51)
	at org.apache.hc.client5.http.impl.classic.ZapInternalHttpClient.doExecute(ZapInternalHttpClient.java:173)
	at org.apache.hc.client5.http.impl.classic.CloseableHttpClient.execute(CloseableHttpClient.java:245)
	at org.apache.hc.client5.http.impl.classic.CloseableHttpClient.execute(CloseableHttpClient.java:188)
	at org.zaproxy.addon.network.internal.client.apachev5.HttpSenderApache.sendImpl0(HttpSenderApache.java:486)
	at org.zaproxy.addon.network.internal.client.apachev5.HttpSenderApache.sendImpl(HttpSenderApache.java:365)
	at org.zaproxy.addon.network.internal.client.apachev5.HttpSenderApache.sendImpl(HttpSenderApache.java:116)
	at org.zaproxy.addon.network.internal.client.BaseHttpSender.sendRateLimited(BaseHttpSender.java:415)
	at org.zaproxy.addon.network.internal.client.BaseHttpSender.sendAuthenticated(BaseHttpSender.java:383)
	at org.zaproxy.addon.network.internal.client.BaseHttpSender.sendNoRedirections(BaseHttpSender.java:351)
	at org.zaproxy.addon.network.internal.client.BaseHttpSender.send(BaseHttpSender.java:307)
	at org.zaproxy.addon.network.internal.client.BaseHttpSender.sendAndReceive(BaseHttpSender.java:278)
	at org.zaproxy.addon.network.internal.client.BaseHttpSender.sendAndReceive(BaseHttpSender.java:234)
	at org.parosproxy.paros.network.HttpSender.sendImpl(HttpSender.java:536)
	at org.parosproxy.paros.network.HttpSender.sendAndReceive(HttpSender.java:529)
	at org.parosproxy.paros.core.scanner.AbstractPlugin.sendMessageImpl(AbstractPlugin.java:344)
	at org.parosproxy.paros.core.scanner.AbstractPlugin.sendAndReceive(AbstractPlugin.java:331)
	at org.parosproxy.paros.core.scanner.AbstractPlugin.sendAndReceive(AbstractPlugin.java:265)
	at org.parosproxy.paros.core.scanner.AbstractPlugin.sendAndReceive(AbstractPlugin.java:238)
	at org.zaproxy.zap.extension.ascanrules.Spring4ShellScanRule.isVulnerable(Spring4ShellScanRule.java:129)
	at org.zaproxy.zap.extension.ascanrules.Spring4ShellScanRule.scan(Spring4ShellScanRule.java:160)
	at org.parosproxy.paros.core.scanner.AbstractPlugin.run(AbstractPlugin.java:402)
	at java.base/java.lang.Thread.run(Thread.java:1474)
45325 [ZAP-ActiveScanner-0] WARN  org.zaproxy.zap.extension.ascanrules.Spring4ShellScanRule - 192.168.1.1:80 failed to respond
org.apache.hc.core5.http.NoHttpResponseException: 192.168.1.1:80 failed to respond
	at org.apache.hc.core5.http.impl.io.DefaultBHttpClientConnection.receiveResponseHeader(DefaultBHttpClientConnection.java:301)
	at org.zaproxy.addon.network.internal.client.apachev5.ZapHttpRequestExecutor.execute(ZapHttpRequestExecutor.java:78)
	at org.apache.hc.core5.http.impl.io.HttpRequestExecutor.execute(HttpRequestExecutor.java:218)
	at org.apache.hc.client5.http.impl.io.PoolingHttpClientConnectionManager$InternalConnectionEndpoint.execute(PoolingHttpClientConnectionManager.java:712)
	at org.apache.hc.client5.http.impl.classic.InternalExecRuntime.execute(InternalExecRuntime.java:216)
	at org.apache.hc.client5.http.impl.classic.MainClientExec.execute(MainClientExec.java:116)
	at org.apache.hc.client5.http.impl.classic.ExecChainElement.execute(ExecChainElement.java:51)
	at org.apache.hc.client5.http.impl.classic.ConnectExec.execute(ConnectExec.java:188)
	at org.apache.hc.client5.http.impl.classic.ExecChainElement.execute(ExecChainElement.java:51)
	at org.apache.hc.client5.http.impl.classic.ZapProtocolExec.execute(ZapProtocolExec.java:179)
	at org.apache.hc.client5.http.impl.classic.ExecChainElement.execute(ExecChainElement.java:51)
	at org.apache.hc.client5.http.impl.classic.ZapHttpRequestRetryExec.execute(ZapHttpRequestRetryExec.java:81)
	at org.apache.hc.client5.http.impl.classic.ExecChainElement.execute(ExecChainElement.java:51)
	at org.apache.hc.client5.http.impl.classic.ZapInternalHttpClient.doExecute(ZapInternalHttpClient.java:173)
	at org.apache.hc.client5.http.impl.classic.CloseableHttpClient.execute(CloseableHttpClient.java:245)
	at org.apache.hc.client5.http.impl.classic.CloseableHttpClient.execute(CloseableHttpClient.java:188)
	at org.zaproxy.addon.network.internal.client.apachev5.HttpSenderApache.sendImpl0(HttpSenderApache.java:486)
	at org.zaproxy.addon.network.internal.client.apachev5.HttpSenderApache.sendImpl(HttpSenderApache.java:365)
	at org.zaproxy.addon.network.internal.client.apachev5.HttpSenderApache.sendImpl(HttpSenderApache.java:116)
	at org.zaproxy.addon.network.internal.client.BaseHttpSender.sendRateLimited(BaseHttpSender.java:415)
	at org.zaproxy.addon.network.internal.client.BaseHttpSender.sendAuthenticated(BaseHttpSender.java:383)
	at org.zaproxy.addon.network.internal.client.BaseHttpSender.sendNoRedirections(BaseHttpSender.java:351)
	at org.zaproxy.addon.network.internal.client.BaseHttpSender.send(BaseHttpSender.java:307)
	at org.zaproxy.addon.network.internal.client.BaseHttpSender.sendAndReceive(BaseHttpSender.java:278)
	at org.zaproxy.addon.network.internal.client.BaseHttpSender.sendAndReceive(BaseHttpSender.java:234)
	at org.parosproxy.paros.network.HttpSender.sendImpl(HttpSender.java:536)
	at org.parosproxy.paros.network.HttpSender.sendAndReceive(HttpSender.java:529)
	at org.parosproxy.paros.core.scanner.AbstractPlugin.sendMessageImpl(AbstractPlugin.java:344)
	at org.parosproxy.paros.core.scanner.AbstractPlugin.sendAndReceive(AbstractPlugin.java:331)
	at org.parosproxy.paros.core.scanner.AbstractPlugin.sendAndReceive(AbstractPlugin.java:265)
	at org.parosproxy.paros.core.scanner.AbstractPlugin.sendAndReceive(AbstractPlugin.java:238)
	at org.zaproxy.zap.extension.ascanrules.Spring4ShellScanRule.isVulnerable(Spring4ShellScanRule.java:129)
	at org.zaproxy.zap.extension.ascanrules.Spring4ShellScanRule.scan(Spring4ShellScanRule.java:160)
	at org.parosproxy.paros.core.scanner.AbstractPlugin.run(AbstractPlugin.java:402)
	at java.base/java.lang.Thread.run(Thread.java:1474)
45326 [ZAP-Scanner-0] INFO  org.parosproxy.paros.core.scanner.HostProcess - completed host/plugin http://192.168.1.1 | Spring4ShellScanRule in 0.053s with 4 message(s) sent and 0 alert(s) raised.
45326 [ZAP-Scanner-0] INFO  org.parosproxy.paros.core.scanner.HostProcess - start host http://192.168.1.1 | React2ShellScanRule strength MEDIUM threshold MEDIUM
45327 [ZAP-Scanner-0] INFO  org.parosproxy.paros.core.scanner.HostProcess - start host http://192.168.1.1 | CodeInjectionScanRule strength MEDIUM threshold MEDIUM
45332 [ZAP-ActiveScanner-0] INFO  org.apache.hc.client5.http.impl.classic.ZapHttpRequestRetryExec - Recoverable I/O exception (org.apache.hc.core5.http.NoHttpResponseException) caught when processing request to {}->http://192.168.1.1:80
45337 [ZAP-ActiveScanner-0] INFO  org.apache.hc.client5.http.impl.classic.ZapHttpRequestRetryExec - Recoverable I/O exception (org.apache.hc.core5.http.NoHttpResponseException) caught when processing request to {}->http://192.168.1.1:80
45343 [ZAP-ActiveScanner-0] INFO  org.apache.hc.client5.http.impl.classic.ZapHttpRequestRetryExec - Recoverable I/O exception (org.apache.hc.core5.http.NoHttpResponseException) caught when processing request to {}->http://192.168.1.1:80
45348 [ZAP-ActiveScanner-0] INFO  org.parosproxy.paros.core.scanner.HostProcess - completed host/plugin http://192.168.1.1 | React2ShellScanRule in 0.022s with 0 message(s) sent and 0 alert(s) raised.
45349 [ZAP-Scanner-0] INFO  org.parosproxy.paros.core.scanner.HostProcess - completed host/plugin http://192.168.1.1 | CodeInjectionScanRule in 0.022s with 0 message(s) sent and 0 alert(s) raised.
45349 [ZAP-Scanner-0] INFO  org.parosproxy.paros.core.scanner.HostProcess - start host http://192.168.1.1 | CommandInjectionScanRule strength MEDIUM threshold MEDIUM
45351 [ZAP-Scanner-0] INFO  org.parosproxy.paros.core.scanner.HostProcess - completed host/plugin http://192.168.1.1 | CommandInjectionScanRule in 0.002s with 0 message(s) sent and 0 alert(s) raised.
45352 [ZAP-Scanner-0] INFO  org.parosproxy.paros.core.scanner.HostProcess - start host http://192.168.1.1 | XpathInjectionScanRule strength MEDIUM threshold MEDIUM
45354 [ZAP-Scanner-0] INFO  org.parosproxy.paros.core.scanner.HostProcess - completed host/plugin http://192.168.1.1 | XpathInjectionScanRule in 0.002s with 0 message(s) sent and 0 alert(s) raised.
45354 [ZAP-Scanner-0] INFO  org.parosproxy.paros.core.scanner.HostProcess - start host http://192.168.1.1 | XxeScanRule strength MEDIUM threshold MEDIUM
45357 [ZAP-Scanner-0] INFO  org.parosproxy.paros.core.scanner.HostProcess - completed host/plugin http://192.168.1.1 | XxeScanRule in 0.003s with 0 message(s) sent and 0 alert(s) raised.
45357 [ZAP-Scanner-0] INFO  org.parosproxy.paros.core.scanner.HostProcess - start host http://192.168.1.1 | PaddingOracleScanRule strength MEDIUM threshold MEDIUM
45363 [ZAP-Scanner-0] INFO  org.parosproxy.paros.core.scanner.HostProcess - completed host/plugin http://192.168.1.1 | PaddingOracleScanRule in 0.006s with 0 message(s) sent and 0 alert(s) raised.
45363 [ZAP-Scanner-0] INFO  org.parosproxy.paros.core.scanner.HostProcess - start host http://192.168.1.1 | CloudMetadataScanRule strength MEDIUM threshold MEDIUM
45364 [ZAP-Scanner-0] INFO  org.parosproxy.paros.core.scanner.HostProcess - start host http://192.168.1.1 | SstiScanRule strength MEDIUM threshold MEDIUM
45455 [ZAP-ActiveScanner-0] INFO  org.parosproxy.paros.core.scanner.HostProcess - completed host/plugin http://192.168.1.1 | CloudMetadataScanRule in 0.092s with 13 message(s) sent and 0 alert(s) raised.
45455 [ZAP-Scanner-0] INFO  org.parosproxy.paros.core.scanner.HostProcess - completed host/plugin http://192.168.1.1 | SstiScanRule in 0.091s with 0 message(s) sent and 0 alert(s) raised.
45455 [ZAP-Scanner-0] INFO  org.parosproxy.paros.core.scanner.HostProcess - start host http://192.168.1.1 | SstiBlindScanRule strength MEDIUM threshold MEDIUM
45460 [ZAP-Scanner-0] INFO  org.parosproxy.paros.core.scanner.HostProcess - completed host/plugin http://192.168.1.1 | SstiBlindScanRule in 0.005s with 0 message(s) sent and 0 alert(s) raised.
45460 [ZAP-Scanner-0] INFO  org.parosproxy.paros.core.scanner.HostProcess - start host http://192.168.1.1 | CommandInjectionTimingScanRule strength MEDIUM threshold MEDIUM
45464 [ZAP-Scanner-0] INFO  org.parosproxy.paros.core.scanner.HostProcess - completed host/plugin http://192.168.1.1 | CommandInjectionTimingScanRule in 0.004s with 0 message(s) sent and 0 alert(s) raised.
45465 [ZAP-Scanner-0] INFO  org.parosproxy.paros.core.scanner.HostProcess - start host http://192.168.1.1 | DirectoryBrowsingScanRule strength MEDIUM threshold MEDIUM
45478 [ZAP-Scanner-0] INFO  org.parosproxy.paros.core.scanner.HostProcess - completed host/plugin http://192.168.1.1 | DirectoryBrowsingScanRule in 0.013s with 3 message(s) sent and 0 alert(s) raised.
45479 [ZAP-Scanner-0] INFO  org.parosproxy.paros.core.scanner.HostProcess - start host http://192.168.1.1 | HttpOnlySiteScanRule strength MEDIUM threshold MEDIUM
45479 [ZAP-Scanner-0] INFO  org.parosproxy.paros.core.scanner.HostProcess - start host http://192.168.1.1 | BufferOverflowScanRule strength MEDIUM threshold MEDIUM
45490 [ZAP-ActiveScanner-0] INFO  org.parosproxy.paros.core.scanner.HostProcess - completed host/plugin http://192.168.1.1 | HttpOnlySiteScanRule in 0.011s with 0 message(s) sent and 1 alert(s) raised.
45491 [ZAP-Scanner-0] INFO  org.parosproxy.paros.core.scanner.HostProcess - completed host/plugin http://192.168.1.1 | BufferOverflowScanRule in 0.012s with 0 message(s) sent and 0 alert(s) raised.
45491 [ZAP-Scanner-0] INFO  org.parosproxy.paros.core.scanner.HostProcess - start host http://192.168.1.1 | FormatStringScanRule strength MEDIUM threshold MEDIUM
45494 [ZAP-Scanner-0] INFO  org.parosproxy.paros.core.scanner.HostProcess - completed host/plugin http://192.168.1.1 | FormatStringScanRule in 0.003s with 0 message(s) sent and 0 alert(s) raised.
45494 [ZAP-Scanner-0] INFO  org.parosproxy.paros.core.scanner.HostProcess - start host http://192.168.1.1 | CrlfInjectionScanRule strength MEDIUM threshold MEDIUM
45497 [ZAP-Scanner-0] INFO  org.parosproxy.paros.core.scanner.HostProcess - completed host/plugin http://192.168.1.1 | CrlfInjectionScanRule in 0.003s with 0 message(s) sent and 0 alert(s) raised.
45498 [ZAP-Scanner-0] INFO  org.parosproxy.paros.core.scanner.HostProcess - start host http://192.168.1.1 | ParameterTamperScanRule strength MEDIUM threshold MEDIUM
45501 [ZAP-Scanner-0] INFO  org.parosproxy.paros.core.scanner.HostProcess - completed host/plugin http://192.168.1.1 | ParameterTamperScanRule in 0.003s with 0 message(s) sent and 0 alert(s) raised.
45501 [ZAP-Scanner-0] INFO  org.parosproxy.paros.core.scanner.HostProcess - start host http://192.168.1.1 | ElmahScanRule strength MEDIUM threshold MEDIUM
45502 [ZAP-Scanner-0] INFO  org.parosproxy.paros.core.scanner.HostProcess - start host http://192.168.1.1 | TraceAxdScanRule strength MEDIUM threshold MEDIUM
45510 [ZAP-ActiveScanner-0] INFO  org.parosproxy.paros.core.scanner.HostProcess - completed host/plugin http://192.168.1.1 | ElmahScanRule in 0.009s with 1 message(s) sent and 0 alert(s) raised.
45512 [ZAP-Scanner-0] INFO  org.parosproxy.paros.core.scanner.HostProcess - completed host/plugin http://192.168.1.1 | TraceAxdScanRule in 0.01s with 1 message(s) sent and 0 alert(s) raised.
45512 [ZAP-Scanner-0] INFO  org.parosproxy.paros.core.scanner.HostProcess - start host http://192.168.1.1 | HtAccessScanRule strength MEDIUM threshold MEDIUM
45519 [ZAP-Scanner-0] INFO  org.parosproxy.paros.core.scanner.HostProcess - completed host/plugin http://192.168.1.1 | HtAccessScanRule in 0.007s with 1 message(s) sent and 0 alert(s) raised.
45520 [ZAP-Scanner-0] INFO  org.parosproxy.paros.core.scanner.HostProcess - start host http://192.168.1.1 | EnvFileScanRule strength MEDIUM threshold MEDIUM
45527 [ZAP-Scanner-0] INFO  org.parosproxy.paros.core.scanner.HostProcess - completed host/plugin http://192.168.1.1 | EnvFileScanRule in 0.006s with 1 message(s) sent and 0 alert(s) raised.
45527 [ZAP-Scanner-0] INFO  org.parosproxy.paros.core.scanner.HostProcess - start host http://192.168.1.1 | HiddenFilesScanRule strength MEDIUM threshold MEDIUM
45541 [ZAP-Scanner-0] INFO  org.parosproxy.paros.core.scanner.HostProcess - start host http://192.168.1.1 | SpringActuatorScanRule strength MEDIUM threshold MEDIUM
45542 [ZAP-Scanner-0] INFO  org.parosproxy.paros.core.scanner.HostProcess - start host http://192.168.1.1 | ExponentialEntityExpansionScanRule strength MEDIUM threshold MEDIUM
45559 [ZAP-ActiveScanner-1] INFO  org.parosproxy.paros.core.scanner.HostProcess - completed host/plugin http://192.168.1.1 | SpringActuatorScanRule in 0.018s with 2 message(s) sent and 0 alert(s) raised.
45864 [ZAP-ActiveScanner-0] INFO  org.parosproxy.paros.core.scanner.HostProcess - completed host/plugin http://192.168.1.1 | HiddenFilesScanRule in 0.337s with 52 message(s) sent and 0 alert(s) raised.
45865 [ZAP-Scanner-0] INFO  org.parosproxy.paros.core.scanner.HostProcess - completed host/plugin http://192.168.1.1 | ExponentialEntityExpansionScanRule in 0.323s with 0 message(s) sent and 0 alert(s) raised.
45865 [ZAP-Scanner-0] INFO  org.parosproxy.paros.core.scanner.HostProcess - start host http://192.168.1.1 | XsltInjectionScanRule strength MEDIUM threshold MEDIUM
45868 [ZAP-Scanner-0] INFO  org.parosproxy.paros.core.scanner.HostProcess - completed host/plugin http://192.168.1.1 | XsltInjectionScanRule in 0.002s with 0 message(s) sent and 0 alert(s) raised.
45868 [ZAP-Scanner-0] INFO  org.parosproxy.paros.core.scanner.HostProcess - start host http://192.168.1.1 | HttpsAsHttpScanRule strength MEDIUM threshold MEDIUM
45870 [ZAP-Scanner-0] INFO  org.parosproxy.paros.core.scanner.HostProcess - completed host/plugin http://192.168.1.1 | HttpsAsHttpScanRule in 0.001s with 0 message(s) sent and 0 alert(s) raised.
45870 [ZAP-Scanner-0] INFO  org.parosproxy.paros.core.scanner.HostProcess - start host http://192.168.1.1 | GetForPostScanRule strength MEDIUM threshold MEDIUM
45872 [ZAP-Scanner-0] INFO  org.parosproxy.paros.core.scanner.HostProcess - completed host/plugin http://192.168.1.1 | GetForPostScanRule in 0.001s with 0 message(s) sent and 0 alert(s) raised.
45872 [ZAP-Scanner-0] INFO  org.parosproxy.paros.core.scanner.HostProcess - start host http://192.168.1.1 | UserAgentScanRule strength MEDIUM threshold MEDIUM
46013 [ZAP-Scanner-0] INFO  org.parosproxy.paros.core.scanner.HostProcess - completed host/plugin http://192.168.1.1 | UserAgentScanRule in 0.141s with 36 message(s) sent and 0 alert(s) raised.
46014 [ZAP-Scanner-0] INFO  org.parosproxy.paros.core.scanner.HostProcess - start host http://192.168.1.1 | ScriptsActiveScanner strength MEDIUM threshold MEDIUM
46201 [ZAP-Scanner-0] INFO  org.parosproxy.paros.core.scanner.HostProcess - completed host/plugin http://192.168.1.1 | ScriptsActiveScanner in 0.187s with 0 message(s) sent and 0 alert(s) raised.
46202 [ZAP-Scanner-0] INFO  org.parosproxy.paros.core.scanner.HostProcess - start host http://192.168.1.1 | SOAPActionSpoofingActiveScanRule strength MEDIUM threshold MEDIUM
46206 [ZAP-Scanner-0] INFO  org.parosproxy.paros.core.scanner.HostProcess - completed host/plugin http://192.168.1.1 | SOAPActionSpoofingActiveScanRule in 0.004s with 0 message(s) sent and 0 alert(s) raised.
46206 [ZAP-Scanner-0] INFO  org.parosproxy.paros.core.scanner.HostProcess - start host http://192.168.1.1 | SOAPXMLInjectionActiveScanRule strength MEDIUM threshold MEDIUM
46210 [ZAP-Scanner-0] INFO  org.parosproxy.paros.core.scanner.HostProcess - completed host/plugin http://192.168.1.1 | SOAPXMLInjectionActiveScanRule in 0.003s with 0 message(s) sent and 0 alert(s) raised.
46210 [ZAP-Scanner-0] INFO  org.parosproxy.paros.core.scanner.HostProcess - start host http://192.168.1.1 | ActiveScriptScanRule strength MEDIUM threshold MEDIUM
46943 [ZAP-Scanner-0] INFO  org.parosproxy.paros.core.scanner.HostProcess - completed host/plugin http://192.168.1.1 | ActiveScriptScanRule in 0.733s with 12 message(s) sent and 0 alert(s) raised.
46943 [ZAP-Scanner-0] INFO  org.parosproxy.paros.core.scanner.HostProcess - completed host http://192.168.1.1 in 19.159s with 1 alert(s) raised.
46944 [Thread-8] INFO  org.parosproxy.paros.core.scanner.Scanner - scanner with ID 0 completed in 19.174s
